// Vitest Snapshot v1

exports[`Given appbar element > should renders correctly 1`] = `
<div
  className="flex flex-row justify-between align-center py-4 border-b-2 border-gray-100"
>
  <div
    className="flex flex-row align-center gap-x-8"
  >
    <a
      as="a"
      className="text-body text-green-500"
    >
      Chat with us
    </a>
    <a
      as="a"
      className="text-body"
    >
      +420 336 775 664
    </a>
    <a
      as="a"
      className="text-body"
    >
      info@freshnesecom.com
    </a>
  </div>
  <div
    className="flex flex-row align-center gap-x-8"
  >
    <a
      as="a"
      className="text-body text-green-500"
    >
      Blog
    </a>
    <a
      as="a"
      className="text-body text-green-500"
    >
      About US
    </a>
    <a
      as="a"
      className="text-body text-green-500"
    >
      Careers
    </a>
  </div>
</div>
`;
